------------------------------------------------------------
Timing Analyzer Summary
------------------------------------------------------------

Type  : Slow 1200mV 85C Model Setup 'CLOCK_50'
Slack : -4.042
TNS   : -67.230

Type  : Slow 1200mV 85C Model Setup 'FreqDivider_1Hz:inst|FreqDivider:sys_core|clkOut'
Slack : -0.838
TNS   : -1.986

Type  : Slow 1200mV 85C Model Hold 'FreqDivider_1Hz:inst|FreqDivider:sys_core|clkOut'
Slack : 0.409
TNS   : 0.000

Type  : Slow 1200mV 85C Model Hold 'CLOCK_50'
Slack : 0.654
TNS   : 0.000

Type  : Slow 1200mV 85C Model Minimum Pulse Width 'CLOCK_50'
Slack : -3.000
TNS   : -45.405

Type  : Slow 1200mV 85C Model Minimum Pulse Width 'FreqDivider_1Hz:inst|FreqDivider:sys_core|clkOut'
Slack : -1.285
TNS   : -5.140

Type  : Slow 1200mV 0C Model Setup 'CLOCK_50'
Slack : -3.664
TNS   : -57.306

Type  : Slow 1200mV 0C Model Setup 'FreqDivider_1Hz:inst|FreqDivider:sys_core|clkOut'
Slack : -0.649
TNS   : -1.484

Type  : Slow 1200mV 0C Model Hold 'FreqDivider_1Hz:inst|FreqDivider:sys_core|clkOut'
Slack : 0.365
TNS   : 0.000

Type  : Slow 1200mV 0C Model Hold 'CLOCK_50'
Slack : 0.598
TNS   : 0.000

Type  : Slow 1200mV 0C Model Minimum Pulse Width 'CLOCK_50'
Slack : -3.000
TNS   : -45.405

Type  : Slow 1200mV 0C Model Minimum Pulse Width 'FreqDivider_1Hz:inst|FreqDivider:sys_core|clkOut'
Slack : -1.285
TNS   : -5.140

Type  : Fast 1200mV 0C Model Setup 'CLOCK_50'
Slack : -1.501
TNS   : -17.470

Type  : Fast 1200mV 0C Model Setup 'FreqDivider_1Hz:inst|FreqDivider:sys_core|clkOut'
Slack : 0.110
TNS   : 0.000

Type  : Fast 1200mV 0C Model Hold 'FreqDivider_1Hz:inst|FreqDivider:sys_core|clkOut'
Slack : 0.189
TNS   : 0.000

Type  : Fast 1200mV 0C Model Hold 'CLOCK_50'
Slack : 0.298
TNS   : 0.000

Type  : Fast 1200mV 0C Model Minimum Pulse Width 'CLOCK_50'
Slack : -3.000
TNS   : -38.032

Type  : Fast 1200mV 0C Model Minimum Pulse Width 'FreqDivider_1Hz:inst|FreqDivider:sys_core|clkOut'
Slack : -1.000
TNS   : -4.000

------------------------------------------------------------
