------------------------------------------------------------
Timing Analyzer Summary
------------------------------------------------------------

Type  : Slow 1200mV 85C Model Setup 'CLOCK_50'
Slack : -2.963
TNS   : -62.111

Type  : Slow 1200mV 85C Model Setup 'ClkDividerN:inst2|pulseOut'
Slack : -0.260
TNS   : -0.486

Type  : Slow 1200mV 85C Model Hold 'ClkDividerN:inst2|pulseOut'
Slack : 0.404
TNS   : 0.000

Type  : Slow 1200mV 85C Model Hold 'CLOCK_50'
Slack : 0.543
TNS   : 0.000

Type  : Slow 1200mV 85C Model Minimum Pulse Width 'CLOCK_50'
Slack : -3.000
TNS   : -33.840

Type  : Slow 1200mV 85C Model Minimum Pulse Width 'ClkDividerN:inst2|pulseOut'
Slack : -1.285
TNS   : -5.140

Type  : Slow 1200mV 0C Model Setup 'CLOCK_50'
Slack : -2.636
TNS   : -55.138

Type  : Slow 1200mV 0C Model Setup 'ClkDividerN:inst2|pulseOut'
Slack : -0.133
TNS   : -0.237

Type  : Slow 1200mV 0C Model Hold 'ClkDividerN:inst2|pulseOut'
Slack : 0.356
TNS   : 0.000

Type  : Slow 1200mV 0C Model Hold 'CLOCK_50'
Slack : 0.484
TNS   : 0.000

Type  : Slow 1200mV 0C Model Minimum Pulse Width 'CLOCK_50'
Slack : -3.000
TNS   : -33.840

Type  : Slow 1200mV 0C Model Minimum Pulse Width 'ClkDividerN:inst2|pulseOut'
Slack : -1.285
TNS   : -5.140

Type  : Fast 1200mV 0C Model Setup 'CLOCK_50'
Slack : -0.869
TNS   : -16.437

Type  : Fast 1200mV 0C Model Setup 'ClkDividerN:inst2|pulseOut'
Slack : 0.383
TNS   : 0.000

Type  : Fast 1200mV 0C Model Hold 'ClkDividerN:inst2|pulseOut'
Slack : 0.183
TNS   : 0.000

Type  : Fast 1200mV 0C Model Hold 'CLOCK_50'
Slack : 0.247
TNS   : 0.000

Type  : Fast 1200mV 0C Model Minimum Pulse Width 'CLOCK_50'
Slack : -3.000
TNS   : -28.665

Type  : Fast 1200mV 0C Model Minimum Pulse Width 'ClkDividerN:inst2|pulseOut'
Slack : -1.000
TNS   : -4.000

------------------------------------------------------------
